#-----------------------------------------------------------
# Vivado v2019.1 (64-bit)
# SW Build 2552052 on Fri May 24 14:49:42 MDT 2019
# IP Build 2548770 on Fri May 24 18:01:18 MDT 2019
# Start of session at: Sat Apr 25 15:53:29 2020
# Process ID: 21048
# Current directory: C:/Users/user/OneDrive - University of Cape Town/A UNI/GitHub/EEE4120F-Labs/Prac4 Vivado/Prac4FPGAIntro/testPushbuttonLED
# Command line: vivado.exe -gui_launcher_event rodinguilauncherevent18396 C:\Users\user\OneDrive - University of Cape Town\A UNI\GitHub\EEE4120F-Labs\Prac4 Vivado\Prac4FPGAIntro\testPushbuttonLED\testPushbuttonLED.xpr
# Log file: C:/Users/user/OneDrive - University of Cape Town/A UNI/GitHub/EEE4120F-Labs/Prac4 Vivado/Prac4FPGAIntro/testPushbuttonLED/vivado.log
# Journal file: C:/Users/user/OneDrive - University of Cape Town/A UNI/GitHub/EEE4120F-Labs/Prac4 Vivado/Prac4FPGAIntro/testPushbuttonLED\vivado.jou
#-----------------------------------------------------------
start_gui
open_project {C:/Users/user/OneDrive - University of Cape Town/A UNI/GitHub/EEE4120F-Labs/Prac4 Vivado/Prac4FPGAIntro/testPushbuttonLED/testPushbuttonLED.xpr}
update_compile_order -fileset sources_1
close_project
